// Jest Snapshot v1, https://goo.gl/fbAQLP

exports[`Link default matches snapshot 1`] = `
<Route
  path="route"
>
  <Component />
</Route>
`;

exports[`Link with size matches snapshot 1`] = `
<Route
  path="route"
>
  <Component />
</Route>
`;
