// Jest Snapshot v1, https://goo.gl/fbAQLP

exports[`Should render in edit state with all fields including values for schemas input 1`] = `"<div class=\\"StyledBox-sc-13pk1d4-0 fhDEkk\\"><form><div class=\\"StyledBox-sc-13pk1d4-0 koruWX\\"><div class=\\"FormField__FormFieldBox-m9hood-0 eshLKp StyledBox-sc-13pk1d4-0 fRzvEO\\"><label class=\\"StyledText-sc-1sadyjn-0 bKLvLm\\">Name</label><div class=\\"StyledBox-sc-13pk1d4-0 cHGqW\\"><div class=\\"StyledBox-sc-13pk1d4-0 koruWX\\"><div class=\\"StyledTextInput__StyledTextInputContainer-sc-1x30a0s-1 kYQCpm\\"><input name=\\"name\\" autocomplete=\\"off\\" class=\\"StyledTextInput-sc-1x30a0s-0 fjRQvG\\" value=\\"Test User\\"></div></div></div></div><div class=\\"StyledBox__StyledBoxGap-sc-13pk1d4-1 jwYTgg\\"></div><div class=\\"FormField__FormFieldBox-m9hood-0 eshLKp StyledBox-sc-13pk1d4-0 fRzvEO\\"><label class=\\"StyledText-sc-1sadyjn-0 bKLvLm\\">Email</label><div class=\\"StyledBox-sc-13pk1d4-0 cHGqW\\"><div class=\\"StyledBox-sc-13pk1d4-0 koruWX\\"><div class=\\"StyledTextInput__StyledTextInputContainer-sc-1x30a0s-1 kYQCpm\\"><input name=\\"email\\" autocomplete=\\"off\\" class=\\"StyledTextInput-sc-1x30a0s-0 fjRQvG\\" value=\\"test@centrifuge.io\\"></div></div></div></div><div class=\\"StyledBox__StyledBoxGap-sc-13pk1d4-1 jwYTgg\\"></div><div class=\\"StyledBox-sc-13pk1d4-0 frudah\\"><div class=\\"FormField__FormFieldBox-m9hood-0 eshLKp StyledBox-sc-13pk1d4-0 fRzvEO\\"><label class=\\"StyledText-sc-1sadyjn-0 bKLvLm\\">Permissions</label><div class=\\"StyledBox-sc-13pk1d4-0 cHGqW\\"><div class=\\"StyledBox-sc-13pk1d4-0 koruWX\\"><button class=\\"Select__StyledSelectDropButton-sc-17idtfo-1 fcNjcL StyledButton-sc-323bzc-0 jfbKsv\\" aria-label=\\"Open Drop\\" type=\\"button\\"><div class=\\"StyledBox-sc-13pk1d4-0 cGyFlY\\"><div class=\\"StyledBox-sc-13pk1d4-0 gbHXHp\\"><div class=\\"StyledBox-sc-13pk1d4-0 kSBnhK\\"><div class=\\"StyledBox-sc-13pk1d4-0 jUkBCl\\"><span style=\\"line-height: 1;\\" class=\\"StyledText-sc-1sadyjn-0 fWSbXS\\">can_manage_schemas</span><div class=\\"StyledBox__StyledBoxGap-sc-13pk1d4-1 gEIaKX\\"></div><div tabindex=\\"0\\" class=\\"StyledBox-sc-13pk1d4-0 cxiFFH\\"><svg aria-label=\\"Close\\" viewBox=\\"0 0 24 24\\" class=\\"StyledIcon-ofa7kd-0 fjELgu\\"><path fill=\\"none\\" stroke=\\"#000\\" stroke-width=\\"2\\" d=\\"M3,3 L21,21 M3,21 L21,3\\"></path></svg></div></div><div class=\\"StyledBox-sc-13pk1d4-0 jUkBCl\\"><span style=\\"line-height: 1;\\" class=\\"StyledText-sc-1sadyjn-0 fWSbXS\\">can_manage_documents</span><div class=\\"StyledBox__StyledBoxGap-sc-13pk1d4-1 gEIaKX\\"></div><div tabindex=\\"0\\" class=\\"StyledBox-sc-13pk1d4-0 cxiFFH\\"><svg aria-label=\\"Close\\" viewBox=\\"0 0 24 24\\" class=\\"StyledIcon-ofa7kd-0 fjELgu\\"><path fill=\\"none\\" stroke=\\"#000\\" stroke-width=\\"2\\" d=\\"M3,3 L21,21 M3,21 L21,3\\"></path></svg></div></div></div></div><div style=\\"min-width: auto;\\" class=\\"StyledBox-sc-13pk1d4-0 copuvn\\"><svg aria-label=\\"FormDown\\" viewBox=\\"0 0 24 24\\" class=\\"StyledIcon-ofa7kd-0 ojsbV\\"><polyline fill=\\"none\\" stroke=\\"#000\\" stroke-width=\\"2\\" points=\\"18 9 12 15 6 9\\"></polyline></svg></div></div></button></div></div></div></div><div class=\\"StyledBox__StyledBoxGap-sc-13pk1d4-1 jwYTgg\\"></div><div class=\\"StyledBox-sc-13pk1d4-0 frudah\\"><div class=\\"FormField__FormFieldBox-m9hood-0 eshLKp StyledBox-sc-13pk1d4-0 fRzvEO\\"><label class=\\"StyledText-sc-1sadyjn-0 bKLvLm\\">Document schemas</label><div class=\\"StyledBox-sc-13pk1d4-0 cHGqW\\"><div class=\\"StyledBox-sc-13pk1d4-0 koruWX\\"><button class=\\"Select__StyledSelectDropButton-sc-17idtfo-1 fcNjcL StyledButton-sc-323bzc-0 jfbKsv\\" aria-label=\\"Open Drop\\" type=\\"button\\"><div class=\\"StyledBox-sc-13pk1d4-0 cGyFlY\\"><div class=\\"StyledBox-sc-13pk1d4-0 gbHXHp\\"><div class=\\"StyledBox-sc-13pk1d4-0 kSBnhK\\"><div class=\\"StyledBox-sc-13pk1d4-0 jUkBCl\\"><span style=\\"line-height: 1;\\" class=\\"StyledText-sc-1sadyjn-0 fWSbXS\\">option-1</span><div class=\\"StyledBox__StyledBoxGap-sc-13pk1d4-1 gEIaKX\\"></div><div tabindex=\\"0\\" class=\\"StyledBox-sc-13pk1d4-0 cxiFFH\\"><svg aria-label=\\"Close\\" viewBox=\\"0 0 24 24\\" class=\\"StyledIcon-ofa7kd-0 fjELgu\\"><path fill=\\"none\\" stroke=\\"#000\\" stroke-width=\\"2\\" d=\\"M3,3 L21,21 M3,21 L21,3\\"></path></svg></div></div></div></div><div style=\\"min-width: auto;\\" class=\\"StyledBox-sc-13pk1d4-0 copuvn\\"><svg aria-label=\\"FormDown\\" viewBox=\\"0 0 24 24\\" class=\\"StyledIcon-ofa7kd-0 ojsbV\\"><polyline fill=\\"none\\" stroke=\\"#000\\" stroke-width=\\"2\\" points=\\"18 9 12 15 6 9\\"></polyline></svg></div></div></button></div></div></div></div><div class=\\"StyledBox__StyledBoxGap-sc-13pk1d4-1 jwYTgg\\"></div><div class=\\"StyledBox-sc-13pk1d4-0 epAThu\\"><button type=\\"button\\" class=\\"StyledButton-sc-323bzc-0 cKaKcy\\">Discard</button><div class=\\"StyledBox__StyledBoxGap-sc-13pk1d4-1 eRzXCR\\"></div><button disabled=\\"\\" type=\\"submit\\" class=\\"StyledButton-sc-323bzc-0 Fhizx\\">Create</button></div></div></form></div>"`;

exports[`Should render the create state 1`] = `"<div class=\\"StyledBox-sc-13pk1d4-0 fhDEkk\\"><form><div class=\\"StyledBox-sc-13pk1d4-0 koruWX\\"><div class=\\"FormField__FormFieldBox-m9hood-0 eshLKp StyledBox-sc-13pk1d4-0 fRzvEO\\"><label class=\\"StyledText-sc-1sadyjn-0 bKLvLm\\">Name</label><div class=\\"StyledBox-sc-13pk1d4-0 cHGqW\\"><div class=\\"StyledBox-sc-13pk1d4-0 koruWX\\"><div class=\\"StyledTextInput__StyledTextInputContainer-sc-1x30a0s-1 kYQCpm\\"><input name=\\"name\\" autocomplete=\\"off\\" class=\\"StyledTextInput-sc-1x30a0s-0 fjRQvG\\" value=\\"\\"></div></div></div></div><div class=\\"StyledBox__StyledBoxGap-sc-13pk1d4-1 jwYTgg\\"></div><div class=\\"FormField__FormFieldBox-m9hood-0 eshLKp StyledBox-sc-13pk1d4-0 fRzvEO\\"><label class=\\"StyledText-sc-1sadyjn-0 bKLvLm\\">Email</label><div class=\\"StyledBox-sc-13pk1d4-0 cHGqW\\"><div class=\\"StyledBox-sc-13pk1d4-0 koruWX\\"><div class=\\"StyledTextInput__StyledTextInputContainer-sc-1x30a0s-1 kYQCpm\\"><input name=\\"email\\" autocomplete=\\"off\\" class=\\"StyledTextInput-sc-1x30a0s-0 fjRQvG\\" value=\\"\\"></div></div></div></div><div class=\\"StyledBox__StyledBoxGap-sc-13pk1d4-1 jwYTgg\\"></div><div class=\\"StyledBox-sc-13pk1d4-0 frudah\\"><div class=\\"FormField__FormFieldBox-m9hood-0 eshLKp StyledBox-sc-13pk1d4-0 fRzvEO\\"><label class=\\"StyledText-sc-1sadyjn-0 bKLvLm\\">Permissions</label><div class=\\"StyledBox-sc-13pk1d4-0 cHGqW\\"><div class=\\"StyledBox-sc-13pk1d4-0 koruWX\\"><button class=\\"Select__StyledSelectDropButton-sc-17idtfo-1 fcNjcL StyledButton-sc-323bzc-0 jfbKsv\\" aria-label=\\"Open Drop\\" type=\\"button\\"><div class=\\"StyledBox-sc-13pk1d4-0 cGyFlY\\"><div class=\\"StyledBox-sc-13pk1d4-0 gbHXHp\\"><div class=\\"StyledTextInput__StyledTextInputContainer-sc-1x30a0s-1 kYQCpm\\"><input autocomplete=\\"off\\" placeholder=\\"Select\\" tabindex=\\"-1\\" type=\\"text\\" class=\\"Select__SelectTextInput-sc-17idtfo-0 lmyIUy StyledTextInput-sc-1x30a0s-0 dQrnKC\\" readonly=\\"\\" value=\\"\\"></div></div><div style=\\"min-width: auto;\\" class=\\"StyledBox-sc-13pk1d4-0 copuvn\\"><svg aria-label=\\"FormDown\\" viewBox=\\"0 0 24 24\\" class=\\"StyledIcon-ofa7kd-0 ojsbV\\"><polyline fill=\\"none\\" stroke=\\"#000\\" stroke-width=\\"2\\" points=\\"18 9 12 15 6 9\\"></polyline></svg></div></div></button></div></div></div></div><div class=\\"StyledBox__StyledBoxGap-sc-13pk1d4-1 jwYTgg\\"></div><div class=\\"StyledBox-sc-13pk1d4-0 epAThu\\"><button type=\\"button\\" class=\\"StyledButton-sc-323bzc-0 cKaKcy\\">Discard</button><div class=\\"StyledBox__StyledBoxGap-sc-13pk1d4-1 eRzXCR\\"></div><button disabled=\\"\\" type=\\"submit\\" class=\\"StyledButton-sc-323bzc-0 Fhizx\\">Create</button></div></div></form></div>"`;
