// Jest Snapshot v1, https://goo.gl/fbAQLP

exports[`Header matches snapshot 1`] = `
<Box
  align="center"
  direction="row"
  height="xsmall"
  justify="between"
  width="xlarge"
>
  <Link
    label="Centrifuge"
    replace={false}
    size="large"
    to="/"
  >
    <Image
      src="logo.png"
    />
  </Link>
  <Box
    direction="row"
    gap="small"
    height="100%"
  >
    <Link
      label="Invoices"
      to="/invoices"
    />
    <Link
      label="Purchase orders"
      to="/purchaseOrders"
    />
    <Link
      label="Contacts"
      to="/contacts"
    />
  </Box>
</Box>
`;
