// Jest Snapshot v1, https://goo.gl/fbAQLP

exports[`DocumentForm Should render the form in edit mode 1`] = `"<div class=\\"sc-bdVaJa leAtK StyledBox-sc-13pk1d4-0 hMUzWw\\"><form><div class=\\"StyledBox-sc-13pk1d4-0 IRSNj\\"><div class=\\"StyledBox__StyledBoxGap-sc-13pk1d4-1 jlbBeA\\"></div><div class=\\"StyledBox-sc-13pk1d4-0 hroMnY\\"><div class=\\"StyledBox-sc-13pk1d4-0 kLTdrJ\\"><h5 class=\\"StyledHeading-sc-1rdh4aw-0 cwvUsq\\">Document Details</h5></div><div class=\\"StyledBox-sc-13pk1d4-0 IRSNj\\"><div class=\\"StyledGrid-sc-1wofa1l-0 eEFoxr\\"><div class=\\"FormField__FormFieldBox-m9hood-0 eshLKp StyledBox-sc-13pk1d4-0 CAsMy\\"><label class=\\"StyledText-sc-1sadyjn-0 bKLvLm\\">Document Schema</label><div class=\\"StyledBox-sc-13pk1d4-0 gZSidW\\"><button class=\\"Select__StyledSelectDropButton-sc-17idtfo-1 cvpccN StyledButton-sc-323bzc-0 chnll\\" aria-label=\\"Open Drop\\" disabled=\\"\\" type=\\"button\\"><div class=\\"StyledBox-sc-13pk1d4-0 erazuK\\"><div class=\\"StyledBox-sc-13pk1d4-0 XINUX\\"><div class=\\"StyledTextInput__StyledTextInputContainer-sc-1x30a0s-1 kYQCpm\\"><input autocomplete=\\"off\\" placeholder=\\"Select\\" tabindex=\\"-1\\" type=\\"text\\" readonly=\\"\\" class=\\"Select__SelectTextInput-sc-17idtfo-0 lmyIUy StyledTextInput-sc-1x30a0s-0 jfnKzs\\" value=\\"first_schema\\"></div></div><div style=\\"min-width: auto;\\" class=\\"StyledBox-sc-13pk1d4-0 eLQtUu\\"><svg aria-label=\\"FormDown\\" viewBox=\\"0 0 24 24\\" class=\\"StyledIcon-ofa7kd-0 dSllCE\\"><polyline fill=\\"none\\" stroke=\\"#000\\" stroke-width=\\"2\\" points=\\"18 9 12 15 6 9\\"></polyline></svg></div></div></button></div></div><div class=\\"FormField__FormFieldBox-m9hood-0 eshLKp StyledBox-sc-13pk1d4-0 CAsMy\\"><label class=\\"StyledText-sc-1sadyjn-0 bKLvLm\\">Read Access</label><div class=\\"StyledBox-sc-13pk1d4-0 gZSidW\\"><button class=\\"Select__StyledSelectDropButton-sc-17idtfo-1 cvpccN StyledButton-sc-323bzc-0 chnll\\" aria-label=\\"Open Drop\\" disabled=\\"\\" type=\\"button\\"><div class=\\"StyledBox-sc-13pk1d4-0 erazuK\\"><div class=\\"StyledBox-sc-13pk1d4-0 XINUX\\"><div class=\\"StyledTextInput__StyledTextInputContainer-sc-1x30a0s-1 kYQCpm\\"><input autocomplete=\\"off\\" placeholder=\\"Select\\" multiple=\\"\\" tabindex=\\"-1\\" type=\\"text\\" readonly=\\"\\" class=\\"Select__SelectTextInput-sc-17idtfo-0 lmyIUy StyledTextInput-sc-1x30a0s-0 jfnKzs\\" value=\\"\\"></div></div><div style=\\"min-width: auto;\\" class=\\"StyledBox-sc-13pk1d4-0 eLQtUu\\"><svg aria-label=\\"FormDown\\" viewBox=\\"0 0 24 24\\" class=\\"StyledIcon-ofa7kd-0 dSllCE\\"><polyline fill=\\"none\\" stroke=\\"#000\\" stroke-width=\\"2\\" points=\\"18 9 12 15 6 9\\"></polyline></svg></div></div></button></div></div></div></div></div><div class=\\"StyledBox__StyledBoxGap-sc-13pk1d4-1 jlbBeA\\"></div><div class=\\"StyledBox-sc-13pk1d4-0 hroMnY\\"><div class=\\"StyledBox-sc-13pk1d4-0 kLTdrJ\\"><h5 class=\\"StyledHeading-sc-1rdh4aw-0 cwvUsq\\">Attributes</h5></div><div class=\\"StyledBox-sc-13pk1d4-0 IRSNj\\"><div style=\\"grid-template-columns: repeat(1, 1fr);\\" class=\\"StyledGrid-sc-1wofa1l-0 eEFoxr\\"><div class=\\"StyledBox-sc-13pk1d4-0 IRSNj\\"><div class=\\"FormField__FormFieldBox-m9hood-0 eshLKp StyledBox-sc-13pk1d4-0 CAsMy\\"><label class=\\"StyledText-sc-1sadyjn-0 bKLvLm\\">Reference Id</label><div class=\\"StyledBox-sc-13pk1d4-0 gZSidW\\"><div class=\\"StyledTextInput__StyledTextInputContainer-sc-1x30a0s-1 kYQCpm\\"><input autocomplete=\\"off\\" disabled=\\"\\" name=\\"attributes.reference_id.value\\" class=\\"StyledTextInput-sc-1x30a0s-0 dlXaQi\\" value=\\"reference nr1\\"></div></div></div></div><div class=\\"StyledBox-sc-13pk1d4-0 IRSNj\\"><div class=\\"FormField__FormFieldBox-m9hood-0 eshLKp StyledBox-sc-13pk1d4-0 CAsMy\\"><label class=\\"StyledText-sc-1sadyjn-0 bKLvLm\\">Amount</label><div class=\\"StyledBox-sc-13pk1d4-0 gZSidW\\"><button class=\\"Select__StyledSelectDropButton-sc-17idtfo-1 cvpccN StyledButton-sc-323bzc-0 chnll\\" aria-label=\\"Open Drop\\" disabled=\\"\\" type=\\"button\\"><div class=\\"StyledBox-sc-13pk1d4-0 erazuK\\"><div class=\\"StyledBox-sc-13pk1d4-0 XINUX\\"><div class=\\"StyledTextInput__StyledTextInputContainer-sc-1x30a0s-1 kYQCpm\\"><input autocomplete=\\"off\\" tabindex=\\"-1\\" type=\\"text\\" readonly=\\"\\" class=\\"Select__SelectTextInput-sc-17idtfo-0 lmyIUy StyledTextInput-sc-1x30a0s-0 duvNfq\\" value=\\"100\\"></div></div><div style=\\"min-width: auto;\\" class=\\"StyledBox-sc-13pk1d4-0 eLQtUu\\"><svg aria-label=\\"FormDown\\" viewBox=\\"0 0 24 24\\" class=\\"StyledIcon-ofa7kd-0 dSllCE\\"><polyline fill=\\"none\\" stroke=\\"#000\\" stroke-width=\\"2\\" points=\\"18 9 12 15 6 9\\"></polyline></svg></div></div></button></div></div></div><div class=\\"StyledBox-sc-13pk1d4-0 IRSNj\\"><div class=\\"FormField__FormFieldBox-m9hood-0 eshLKp StyledBox-sc-13pk1d4-0 CAsMy\\"><label class=\\"StyledText-sc-1sadyjn-0 bKLvLm\\">Index</label><div class=\\"StyledBox-sc-13pk1d4-0 gZSidW\\"><div class=\\"StyledTextInput__StyledTextInputContainer-sc-1x30a0s-1 kYQCpm\\"><input autocomplete=\\"off\\" placeholder=\\"\\" disabled=\\"\\" name=\\"attributes.index.value\\" type=\\"text\\" class=\\"StyledTextInput-sc-1x30a0s-0 dlXaQi\\" value=\\"\\"></div></div></div></div><div class=\\"StyledBox-sc-13pk1d4-0 IRSNj\\"><div class=\\"FormField__FormFieldBox-m9hood-0 eshLKp StyledBox-sc-13pk1d4-0 CAsMy\\"><label class=\\"StyledText-sc-1sadyjn-0 bKLvLm\\">Percent</label><div class=\\"StyledBox-sc-13pk1d4-0 gZSidW\\"><div class=\\"StyledTextInput__StyledTextInputContainer-sc-1x30a0s-1 kYQCpm\\"><input autocomplete=\\"off\\" placeholder=\\"\\" disabled=\\"\\" name=\\"attributes.percent.value\\" type=\\"text\\" class=\\"StyledTextInput-sc-1x30a0s-0 dlXaQi\\" value=\\"100\\"></div></div></div></div><div class=\\"StyledBox-sc-13pk1d4-0 IRSNj\\"><div class=\\"FormField__FormFieldBox-m9hood-0 eshLKp StyledBox-sc-13pk1d4-0 CAsMy\\"><label class=\\"StyledText-sc-1sadyjn-0 bKLvLm\\">Some Date</label><div class=\\"StyledBox-sc-13pk1d4-0 gZSidW\\"><button class=\\"DateInput__StyledDateInputDropButton-sc-1ne1t7m-1 hvzYTL StyledButton-sc-323bzc-0 chnll\\" aria-label=\\"Open Drop\\" disabled=\\"\\" type=\\"button\\"><div class=\\"StyledBox-sc-13pk1d4-0 bYNIbh\\"><div class=\\"StyledTextInput__StyledTextInputContainer-sc-1x30a0s-1 kYQCpm\\"><input autocomplete=\\"off\\" tabindex=\\"-1\\" readonly=\\"\\" class=\\"DateInput__DateTimeTextInput-sc-1ne1t7m-0 dzhNFM StyledTextInput-sc-1x30a0s-0 duvNfq\\" value=\\"\\"></div><div class=\\"StyledBox-sc-13pk1d4-0 fVyBBm\\"></div></div></button></div></div></div><div class=\\"StyledBox-sc-13pk1d4-0 IRSNj\\"><div class=\\"FormField__FormFieldBox-m9hood-0 eshLKp StyledBox-sc-13pk1d4-0 CAsMy\\"><label class=\\"StyledText-sc-1sadyjn-0 bKLvLm\\">Customer</label><div class=\\"StyledBox-sc-13pk1d4-0 gZSidW\\"><div class=\\"StyledTextInput__StyledTextInputContainer-sc-1x30a0s-1 kYQCpm\\"><input autocomplete=\\"off\\" disabled=\\"\\" name=\\"attributes.customer.value\\" class=\\"StyledTextInput-sc-1x30a0s-0 dlXaQi\\" value=\\"some customer\\"></div></div></div></div></div></div></div></div></form></div>"`;

exports[`DocumentForm Should render the form in view mode 1`] = `"<div class=\\"sc-bdVaJa leAtK StyledBox-sc-13pk1d4-0 hMUzWw\\"><form><div class=\\"StyledBox-sc-13pk1d4-0 IRSNj\\"><div class=\\"StyledBox__StyledBoxGap-sc-13pk1d4-1 jlbBeA\\"></div><div class=\\"StyledBox-sc-13pk1d4-0 hroMnY\\"><div class=\\"StyledBox-sc-13pk1d4-0 kLTdrJ\\"><h5 class=\\"StyledHeading-sc-1rdh4aw-0 cwvUsq\\">Document Details</h5></div><div class=\\"StyledBox-sc-13pk1d4-0 IRSNj\\"><div class=\\"StyledGrid-sc-1wofa1l-0 eEFoxr\\"><div class=\\"FormField__FormFieldBox-m9hood-0 eshLKp StyledBox-sc-13pk1d4-0 CAsMy\\"><label class=\\"StyledText-sc-1sadyjn-0 bKLvLm\\">Document Schema</label><div class=\\"StyledBox-sc-13pk1d4-0 gZSidW\\"><button class=\\"Select__StyledSelectDropButton-sc-17idtfo-1 cvpccN StyledButton-sc-323bzc-0 chnll\\" aria-label=\\"Open Drop\\" disabled=\\"\\" type=\\"button\\"><div class=\\"StyledBox-sc-13pk1d4-0 erazuK\\"><div class=\\"StyledBox-sc-13pk1d4-0 XINUX\\"><div class=\\"StyledTextInput__StyledTextInputContainer-sc-1x30a0s-1 kYQCpm\\"><input autocomplete=\\"off\\" placeholder=\\"Select\\" tabindex=\\"-1\\" type=\\"text\\" readonly=\\"\\" class=\\"Select__SelectTextInput-sc-17idtfo-0 lmyIUy StyledTextInput-sc-1x30a0s-0 jfnKzs\\" value=\\"first_schema\\"></div></div><div style=\\"min-width: auto;\\" class=\\"StyledBox-sc-13pk1d4-0 eLQtUu\\"><svg aria-label=\\"FormDown\\" viewBox=\\"0 0 24 24\\" class=\\"StyledIcon-ofa7kd-0 dSllCE\\"><polyline fill=\\"none\\" stroke=\\"#000\\" stroke-width=\\"2\\" points=\\"18 9 12 15 6 9\\"></polyline></svg></div></div></button></div></div><div class=\\"FormField__FormFieldBox-m9hood-0 eshLKp StyledBox-sc-13pk1d4-0 CAsMy\\"><label class=\\"StyledText-sc-1sadyjn-0 bKLvLm\\">Read Access</label><div class=\\"StyledBox-sc-13pk1d4-0 gZSidW\\"><button class=\\"Select__StyledSelectDropButton-sc-17idtfo-1 cvpccN StyledButton-sc-323bzc-0 chnll\\" aria-label=\\"Open Drop\\" disabled=\\"\\" type=\\"button\\"><div class=\\"StyledBox-sc-13pk1d4-0 erazuK\\"><div class=\\"StyledBox-sc-13pk1d4-0 XINUX\\"><div class=\\"StyledTextInput__StyledTextInputContainer-sc-1x30a0s-1 kYQCpm\\"><input autocomplete=\\"off\\" placeholder=\\"Select\\" multiple=\\"\\" tabindex=\\"-1\\" type=\\"text\\" readonly=\\"\\" class=\\"Select__SelectTextInput-sc-17idtfo-0 lmyIUy StyledTextInput-sc-1x30a0s-0 jfnKzs\\" value=\\"\\"></div></div><div style=\\"min-width: auto;\\" class=\\"StyledBox-sc-13pk1d4-0 eLQtUu\\"><svg aria-label=\\"FormDown\\" viewBox=\\"0 0 24 24\\" class=\\"StyledIcon-ofa7kd-0 dSllCE\\"><polyline fill=\\"none\\" stroke=\\"#000\\" stroke-width=\\"2\\" points=\\"18 9 12 15 6 9\\"></polyline></svg></div></div></button></div></div></div></div></div><div class=\\"StyledBox__StyledBoxGap-sc-13pk1d4-1 jlbBeA\\"></div><div class=\\"StyledBox-sc-13pk1d4-0 hroMnY\\"><div class=\\"StyledBox-sc-13pk1d4-0 kLTdrJ\\"><h5 class=\\"StyledHeading-sc-1rdh4aw-0 cwvUsq\\">Attributes</h5></div><div class=\\"StyledBox-sc-13pk1d4-0 IRSNj\\"><div style=\\"grid-template-columns: repeat(1, 1fr);\\" class=\\"StyledGrid-sc-1wofa1l-0 eEFoxr\\"><div class=\\"StyledBox-sc-13pk1d4-0 IRSNj\\"><div class=\\"FormField__FormFieldBox-m9hood-0 eshLKp StyledBox-sc-13pk1d4-0 CAsMy\\"><label class=\\"StyledText-sc-1sadyjn-0 bKLvLm\\">Reference Id</label><div class=\\"StyledBox-sc-13pk1d4-0 gZSidW\\"><div class=\\"StyledTextInput__StyledTextInputContainer-sc-1x30a0s-1 kYQCpm\\"><input autocomplete=\\"off\\" disabled=\\"\\" name=\\"attributes.reference_id.value\\" class=\\"StyledTextInput-sc-1x30a0s-0 dlXaQi\\" value=\\"reference nr1\\"></div></div></div></div><div class=\\"StyledBox-sc-13pk1d4-0 IRSNj\\"><div class=\\"FormField__FormFieldBox-m9hood-0 eshLKp StyledBox-sc-13pk1d4-0 CAsMy\\"><label class=\\"StyledText-sc-1sadyjn-0 bKLvLm\\">Amount</label><div class=\\"StyledBox-sc-13pk1d4-0 gZSidW\\"><button class=\\"Select__StyledSelectDropButton-sc-17idtfo-1 cvpccN StyledButton-sc-323bzc-0 chnll\\" aria-label=\\"Open Drop\\" disabled=\\"\\" type=\\"button\\"><div class=\\"StyledBox-sc-13pk1d4-0 erazuK\\"><div class=\\"StyledBox-sc-13pk1d4-0 XINUX\\"><div class=\\"StyledTextInput__StyledTextInputContainer-sc-1x30a0s-1 kYQCpm\\"><input autocomplete=\\"off\\" tabindex=\\"-1\\" type=\\"text\\" readonly=\\"\\" class=\\"Select__SelectTextInput-sc-17idtfo-0 lmyIUy StyledTextInput-sc-1x30a0s-0 duvNfq\\" value=\\"100\\"></div></div><div style=\\"min-width: auto;\\" class=\\"StyledBox-sc-13pk1d4-0 eLQtUu\\"><svg aria-label=\\"FormDown\\" viewBox=\\"0 0 24 24\\" class=\\"StyledIcon-ofa7kd-0 dSllCE\\"><polyline fill=\\"none\\" stroke=\\"#000\\" stroke-width=\\"2\\" points=\\"18 9 12 15 6 9\\"></polyline></svg></div></div></button></div></div></div><div class=\\"StyledBox-sc-13pk1d4-0 IRSNj\\"><div class=\\"FormField__FormFieldBox-m9hood-0 eshLKp StyledBox-sc-13pk1d4-0 CAsMy\\"><label class=\\"StyledText-sc-1sadyjn-0 bKLvLm\\">Index</label><div class=\\"StyledBox-sc-13pk1d4-0 gZSidW\\"><div class=\\"StyledTextInput__StyledTextInputContainer-sc-1x30a0s-1 kYQCpm\\"><input autocomplete=\\"off\\" placeholder=\\"\\" disabled=\\"\\" name=\\"attributes.index.value\\" type=\\"text\\" class=\\"StyledTextInput-sc-1x30a0s-0 dlXaQi\\" value=\\"\\"></div></div></div></div><div class=\\"StyledBox-sc-13pk1d4-0 IRSNj\\"><div class=\\"FormField__FormFieldBox-m9hood-0 eshLKp StyledBox-sc-13pk1d4-0 CAsMy\\"><label class=\\"StyledText-sc-1sadyjn-0 bKLvLm\\">Percent</label><div class=\\"StyledBox-sc-13pk1d4-0 gZSidW\\"><div class=\\"StyledTextInput__StyledTextInputContainer-sc-1x30a0s-1 kYQCpm\\"><input autocomplete=\\"off\\" placeholder=\\"\\" disabled=\\"\\" name=\\"attributes.percent.value\\" type=\\"text\\" class=\\"StyledTextInput-sc-1x30a0s-0 dlXaQi\\" value=\\"100\\"></div></div></div></div><div class=\\"StyledBox-sc-13pk1d4-0 IRSNj\\"><div class=\\"FormField__FormFieldBox-m9hood-0 eshLKp StyledBox-sc-13pk1d4-0 CAsMy\\"><label class=\\"StyledText-sc-1sadyjn-0 bKLvLm\\">Some Date</label><div class=\\"StyledBox-sc-13pk1d4-0 gZSidW\\"><button class=\\"DateInput__StyledDateInputDropButton-sc-1ne1t7m-1 hvzYTL StyledButton-sc-323bzc-0 chnll\\" aria-label=\\"Open Drop\\" disabled=\\"\\" type=\\"button\\"><div class=\\"StyledBox-sc-13pk1d4-0 bYNIbh\\"><div class=\\"StyledTextInput__StyledTextInputContainer-sc-1x30a0s-1 kYQCpm\\"><input autocomplete=\\"off\\" tabindex=\\"-1\\" readonly=\\"\\" class=\\"DateInput__DateTimeTextInput-sc-1ne1t7m-0 dzhNFM StyledTextInput-sc-1x30a0s-0 duvNfq\\" value=\\"\\"></div><div class=\\"StyledBox-sc-13pk1d4-0 fVyBBm\\"></div></div></button></div></div></div><div class=\\"StyledBox-sc-13pk1d4-0 IRSNj\\"><div class=\\"FormField__FormFieldBox-m9hood-0 eshLKp StyledBox-sc-13pk1d4-0 CAsMy\\"><label class=\\"StyledText-sc-1sadyjn-0 bKLvLm\\">Customer</label><div class=\\"StyledBox-sc-13pk1d4-0 gZSidW\\"><div class=\\"StyledTextInput__StyledTextInputContainer-sc-1x30a0s-1 kYQCpm\\"><input autocomplete=\\"off\\" disabled=\\"\\" name=\\"attributes.customer.value\\" class=\\"StyledTextInput-sc-1x30a0s-0 dlXaQi\\" value=\\"some customer\\"></div></div></div></div></div></div></div></div></form></div>"`;

exports[`DocumentForm Should render the form just select form 1`] = `"<div class=\\"sc-bdVaJa kAidYz StyledBox-sc-13pk1d4-0 hMUzWw\\"><form><div class=\\"StyledBox-sc-13pk1d4-0 IRSNj\\"><div class=\\"StyledBox__StyledBoxGap-sc-13pk1d4-1 jlbBeA\\"></div><div class=\\"StyledBox-sc-13pk1d4-0 hroMnY\\"><div class=\\"StyledBox-sc-13pk1d4-0 kLTdrJ\\"><h5 class=\\"StyledHeading-sc-1rdh4aw-0 cwvUsq\\">Document Details</h5></div><div class=\\"StyledBox-sc-13pk1d4-0 IRSNj\\"><div class=\\"StyledGrid-sc-1wofa1l-0 eEFoxr\\"><div class=\\"FormField__FormFieldBox-m9hood-0 eshLKp StyledBox-sc-13pk1d4-0 CAsMy\\"><label class=\\"StyledText-sc-1sadyjn-0 bKLvLm\\">Document Schema</label><div class=\\"StyledBox-sc-13pk1d4-0 gZSidW\\"><button class=\\"Select__StyledSelectDropButton-sc-17idtfo-1 cvpccN StyledButton-sc-323bzc-0 jfbKsv\\" aria-label=\\"Open Drop\\" type=\\"button\\"><div class=\\"StyledBox-sc-13pk1d4-0 erazuK\\"><div class=\\"StyledBox-sc-13pk1d4-0 XINUX\\"><div class=\\"StyledTextInput__StyledTextInputContainer-sc-1x30a0s-1 kYQCpm\\"><input autocomplete=\\"off\\" placeholder=\\"Select\\" tabindex=\\"-1\\" type=\\"text\\" readonly=\\"\\" class=\\"Select__SelectTextInput-sc-17idtfo-0 lmyIUy StyledTextInput-sc-1x30a0s-0 jfnKzs\\" value=\\"\\"></div></div><div style=\\"min-width: auto;\\" class=\\"StyledBox-sc-13pk1d4-0 eLQtUu\\"><svg aria-label=\\"FormDown\\" viewBox=\\"0 0 24 24\\" class=\\"StyledIcon-ofa7kd-0 dSllCE\\"><polyline fill=\\"none\\" stroke=\\"#000\\" stroke-width=\\"2\\" points=\\"18 9 12 15 6 9\\"></polyline></svg></div></div></button></div></div><div class=\\"FormField__FormFieldBox-m9hood-0 eshLKp StyledBox-sc-13pk1d4-0 CAsMy\\"><label class=\\"StyledText-sc-1sadyjn-0 bKLvLm\\">Read Access</label><div class=\\"StyledBox-sc-13pk1d4-0 gZSidW\\"><button class=\\"Select__StyledSelectDropButton-sc-17idtfo-1 cvpccN StyledButton-sc-323bzc-0 jfbKsv\\" aria-label=\\"Open Drop\\" type=\\"button\\"><div class=\\"StyledBox-sc-13pk1d4-0 erazuK\\"><div class=\\"StyledBox-sc-13pk1d4-0 XINUX\\"><div class=\\"StyledTextInput__StyledTextInputContainer-sc-1x30a0s-1 kYQCpm\\"><input autocomplete=\\"off\\" placeholder=\\"Select\\" multiple=\\"\\" tabindex=\\"-1\\" type=\\"text\\" readonly=\\"\\" class=\\"Select__SelectTextInput-sc-17idtfo-0 lmyIUy StyledTextInput-sc-1x30a0s-0 jfnKzs\\" value=\\"\\"></div></div><div style=\\"min-width: auto;\\" class=\\"StyledBox-sc-13pk1d4-0 eLQtUu\\"><svg aria-label=\\"FormDown\\" viewBox=\\"0 0 24 24\\" class=\\"StyledIcon-ofa7kd-0 dSllCE\\"><polyline fill=\\"none\\" stroke=\\"#000\\" stroke-width=\\"2\\" points=\\"18 9 12 15 6 9\\"></polyline></svg></div></div></button></div></div></div></div></div></div></form></div>"`;

exports[`DocumentForm Should render the form with default data  for read access and nfts 1`] = `"<div class=\\"sc-bdVaJa kAidYz StyledBox-sc-13pk1d4-0 hMUzWw\\"><form><div class=\\"StyledBox-sc-13pk1d4-0 IRSNj\\"><div class=\\"StyledBox__StyledBoxGap-sc-13pk1d4-1 jlbBeA\\"></div><div class=\\"StyledBox-sc-13pk1d4-0 hroMnY\\"><div class=\\"StyledBox-sc-13pk1d4-0 kLTdrJ\\"><h5 class=\\"StyledHeading-sc-1rdh4aw-0 cwvUsq\\">Document Details</h5></div><div class=\\"StyledBox-sc-13pk1d4-0 IRSNj\\"><div class=\\"StyledGrid-sc-1wofa1l-0 eEFoxr\\"><div class=\\"FormField__FormFieldBox-m9hood-0 eshLKp StyledBox-sc-13pk1d4-0 CAsMy\\"><label class=\\"StyledText-sc-1sadyjn-0 bKLvLm\\">Document Schema</label><div class=\\"StyledBox-sc-13pk1d4-0 gZSidW\\"><button class=\\"Select__StyledSelectDropButton-sc-17idtfo-1 cvpccN StyledButton-sc-323bzc-0 jfbKsv\\" aria-label=\\"Open Drop\\" type=\\"button\\"><div class=\\"StyledBox-sc-13pk1d4-0 erazuK\\"><div class=\\"StyledBox-sc-13pk1d4-0 XINUX\\"><div class=\\"StyledTextInput__StyledTextInputContainer-sc-1x30a0s-1 kYQCpm\\"><input autocomplete=\\"off\\" placeholder=\\"Select\\" tabindex=\\"-1\\" type=\\"text\\" readonly=\\"\\" class=\\"Select__SelectTextInput-sc-17idtfo-0 lmyIUy StyledTextInput-sc-1x30a0s-0 jfnKzs\\" value=\\"first_schema\\"></div></div><div style=\\"min-width: auto;\\" class=\\"StyledBox-sc-13pk1d4-0 eLQtUu\\"><svg aria-label=\\"FormDown\\" viewBox=\\"0 0 24 24\\" class=\\"StyledIcon-ofa7kd-0 dSllCE\\"><polyline fill=\\"none\\" stroke=\\"#000\\" stroke-width=\\"2\\" points=\\"18 9 12 15 6 9\\"></polyline></svg></div></div></button></div></div><div class=\\"FormField__FormFieldBox-m9hood-0 eshLKp StyledBox-sc-13pk1d4-0 CAsMy\\"><label class=\\"StyledText-sc-1sadyjn-0 bKLvLm\\">Read Access</label><div class=\\"StyledBox-sc-13pk1d4-0 gZSidW\\"><button class=\\"Select__StyledSelectDropButton-sc-17idtfo-1 cvpccN StyledButton-sc-323bzc-0 jfbKsv\\" aria-label=\\"Open Drop\\" type=\\"button\\"><div class=\\"StyledBox-sc-13pk1d4-0 erazuK\\"><div class=\\"StyledBox-sc-13pk1d4-0 XINUX\\"><div class=\\"StyledBox-sc-13pk1d4-0 ggrNVD\\"><div class=\\"StyledBox-sc-13pk1d4-0 jucMNU\\"><span style=\\"line-height: 1;\\" class=\\"StyledText-sc-1sadyjn-0 fWSbXS\\">My Contact</span><div class=\\"StyledBox__StyledBoxGap-sc-13pk1d4-1 gufrXq\\"></div><div class=\\"StyledBox-sc-13pk1d4-0 IRSNj\\"><svg aria-label=\\"Close\\" viewBox=\\"0 0 24 24\\" class=\\"StyledIcon-ofa7kd-0 fjELgu\\"><path fill=\\"none\\" stroke=\\"#000\\" stroke-width=\\"2\\" d=\\"M3,3 L21,21 M3,21 L21,3\\"></path></svg></div></div><div class=\\"StyledBox-sc-13pk1d4-0 jucMNU\\"><span style=\\"line-height: 1;\\" class=\\"StyledText-sc-1sadyjn-0 fWSbXS\\">0xNotInContacts</span><div class=\\"StyledBox__StyledBoxGap-sc-13pk1d4-1 gufrXq\\"></div><div class=\\"StyledBox-sc-13pk1d4-0 IRSNj\\"><svg aria-label=\\"Close\\" viewBox=\\"0 0 24 24\\" class=\\"StyledIcon-ofa7kd-0 fjELgu\\"><path fill=\\"none\\" stroke=\\"#000\\" stroke-width=\\"2\\" d=\\"M3,3 L21,21 M3,21 L21,3\\"></path></svg></div></div></div></div><div style=\\"min-width: auto;\\" class=\\"StyledBox-sc-13pk1d4-0 eLQtUu\\"><svg aria-label=\\"FormDown\\" viewBox=\\"0 0 24 24\\" class=\\"StyledIcon-ofa7kd-0 dSllCE\\"><polyline fill=\\"none\\" stroke=\\"#000\\" stroke-width=\\"2\\" points=\\"18 9 12 15 6 9\\"></polyline></svg></div></div></button></div></div></div></div></div><div class=\\"StyledBox__StyledBoxGap-sc-13pk1d4-1 jlbBeA\\"></div><div class=\\"StyledBox-sc-13pk1d4-0 hroMnY\\"><div class=\\"StyledBox-sc-13pk1d4-0 kLTdrJ\\"><h5 class=\\"StyledHeading-sc-1rdh4aw-0 cwvUsq\\">Attributes</h5></div><div class=\\"StyledBox-sc-13pk1d4-0 IRSNj\\"><div style=\\"grid-template-columns: repeat(1, 1fr);\\" class=\\"StyledGrid-sc-1wofa1l-0 eEFoxr\\"><div class=\\"StyledBox-sc-13pk1d4-0 IRSNj\\"><div class=\\"FormField__FormFieldBox-m9hood-0 eshLKp StyledBox-sc-13pk1d4-0 CAsMy\\"><label class=\\"StyledText-sc-1sadyjn-0 bKLvLm\\">Reference Id</label><div class=\\"StyledBox-sc-13pk1d4-0 gZSidW\\"><div class=\\"StyledTextInput__StyledTextInputContainer-sc-1x30a0s-1 kYQCpm\\"><input autocomplete=\\"off\\" name=\\"attributes.reference_id.value\\" class=\\"StyledTextInput-sc-1x30a0s-0 duvNfq\\" value=\\"reference nr1\\"></div></div></div></div><div class=\\"StyledBox-sc-13pk1d4-0 IRSNj\\"><div class=\\"FormField__FormFieldBox-m9hood-0 eshLKp StyledBox-sc-13pk1d4-0 CAsMy\\"><label class=\\"StyledText-sc-1sadyjn-0 bKLvLm\\">Amount</label><div class=\\"StyledBox-sc-13pk1d4-0 gZSidW\\"><button class=\\"Select__StyledSelectDropButton-sc-17idtfo-1 cvpccN StyledButton-sc-323bzc-0 jfbKsv\\" aria-label=\\"Open Drop\\" type=\\"button\\"><div class=\\"StyledBox-sc-13pk1d4-0 erazuK\\"><div class=\\"StyledBox-sc-13pk1d4-0 XINUX\\"><div class=\\"StyledTextInput__StyledTextInputContainer-sc-1x30a0s-1 kYQCpm\\"><input autocomplete=\\"off\\" tabindex=\\"-1\\" type=\\"text\\" readonly=\\"\\" class=\\"Select__SelectTextInput-sc-17idtfo-0 lmyIUy StyledTextInput-sc-1x30a0s-0 duvNfq\\" value=\\"100\\"></div></div><div style=\\"min-width: auto;\\" class=\\"StyledBox-sc-13pk1d4-0 eLQtUu\\"><svg aria-label=\\"FormDown\\" viewBox=\\"0 0 24 24\\" class=\\"StyledIcon-ofa7kd-0 dSllCE\\"><polyline fill=\\"none\\" stroke=\\"#000\\" stroke-width=\\"2\\" points=\\"18 9 12 15 6 9\\"></polyline></svg></div></div></button></div></div></div><div class=\\"StyledBox-sc-13pk1d4-0 IRSNj\\"><div class=\\"FormField__FormFieldBox-m9hood-0 eshLKp StyledBox-sc-13pk1d4-0 CAsMy\\"><label class=\\"StyledText-sc-1sadyjn-0 bKLvLm\\">Index</label><div class=\\"StyledBox-sc-13pk1d4-0 gZSidW\\"><div class=\\"StyledTextInput__StyledTextInputContainer-sc-1x30a0s-1 kYQCpm\\"><input autocomplete=\\"off\\" placeholder=\\"\\" name=\\"attributes.index.value\\" type=\\"text\\" class=\\"StyledTextInput-sc-1x30a0s-0 duvNfq\\" value=\\"\\"></div></div></div></div><div class=\\"StyledBox-sc-13pk1d4-0 IRSNj\\"><div class=\\"FormField__FormFieldBox-m9hood-0 eshLKp StyledBox-sc-13pk1d4-0 CAsMy\\"><label class=\\"StyledText-sc-1sadyjn-0 bKLvLm\\">Percent</label><div class=\\"StyledBox-sc-13pk1d4-0 gZSidW\\"><div class=\\"StyledTextInput__StyledTextInputContainer-sc-1x30a0s-1 kYQCpm\\"><input autocomplete=\\"off\\" placeholder=\\"\\" name=\\"attributes.percent.value\\" type=\\"text\\" class=\\"StyledTextInput-sc-1x30a0s-0 duvNfq\\" value=\\"\\"></div></div></div></div><div class=\\"StyledBox-sc-13pk1d4-0 IRSNj\\"><div class=\\"FormField__FormFieldBox-m9hood-0 eshLKp StyledBox-sc-13pk1d4-0 CAsMy\\"><label class=\\"StyledText-sc-1sadyjn-0 bKLvLm\\">Some Date</label><div class=\\"StyledBox-sc-13pk1d4-0 gZSidW\\"><button class=\\"DateInput__StyledDateInputDropButton-sc-1ne1t7m-1 ldQWmt StyledButton-sc-323bzc-0 jfbKsv\\" aria-label=\\"Open Drop\\" type=\\"button\\"><div class=\\"StyledBox-sc-13pk1d4-0 bYNIbh\\"><div class=\\"StyledTextInput__StyledTextInputContainer-sc-1x30a0s-1 kYQCpm\\"><input autocomplete=\\"off\\" tabindex=\\"-1\\" readonly=\\"\\" class=\\"DateInput__DateTimeTextInput-sc-1ne1t7m-0 dzhNFM StyledTextInput-sc-1x30a0s-0 duvNfq\\" value=\\"\\"></div><div class=\\"StyledBox-sc-13pk1d4-0 fVyBBm\\"></div></div></button></div></div></div><div class=\\"StyledBox-sc-13pk1d4-0 IRSNj\\"><div class=\\"FormField__FormFieldBox-m9hood-0 eshLKp StyledBox-sc-13pk1d4-0 CAsMy\\"><label class=\\"StyledText-sc-1sadyjn-0 bKLvLm\\">Customer</label><div class=\\"StyledBox-sc-13pk1d4-0 gZSidW\\"><div class=\\"StyledTextInput__StyledTextInputContainer-sc-1x30a0s-1 kYQCpm\\"><input autocomplete=\\"off\\" name=\\"attributes.customer.value\\" class=\\"StyledTextInput-sc-1x30a0s-0 duvNfq\\" value=\\"some customer\\"></div></div></div></div></div></div></div></div></form></div>"`;

exports[`DocumentForm Should render the form with default data 1`] = `"<div class=\\"sc-bdVaJa kAidYz StyledBox-sc-13pk1d4-0 hMUzWw\\"><form><div class=\\"StyledBox-sc-13pk1d4-0 IRSNj\\"><div class=\\"StyledBox__StyledBoxGap-sc-13pk1d4-1 jlbBeA\\"></div><div class=\\"StyledBox-sc-13pk1d4-0 hroMnY\\"><div class=\\"StyledBox-sc-13pk1d4-0 kLTdrJ\\"><h5 class=\\"StyledHeading-sc-1rdh4aw-0 cwvUsq\\">Document Details</h5></div><div class=\\"StyledBox-sc-13pk1d4-0 IRSNj\\"><div class=\\"StyledGrid-sc-1wofa1l-0 eEFoxr\\"><div class=\\"FormField__FormFieldBox-m9hood-0 eshLKp StyledBox-sc-13pk1d4-0 CAsMy\\"><label class=\\"StyledText-sc-1sadyjn-0 bKLvLm\\">Document Schema</label><div class=\\"StyledBox-sc-13pk1d4-0 gZSidW\\"><button class=\\"Select__StyledSelectDropButton-sc-17idtfo-1 cvpccN StyledButton-sc-323bzc-0 jfbKsv\\" aria-label=\\"Open Drop\\" type=\\"button\\"><div class=\\"StyledBox-sc-13pk1d4-0 erazuK\\"><div class=\\"StyledBox-sc-13pk1d4-0 XINUX\\"><div class=\\"StyledTextInput__StyledTextInputContainer-sc-1x30a0s-1 kYQCpm\\"><input autocomplete=\\"off\\" placeholder=\\"Select\\" tabindex=\\"-1\\" type=\\"text\\" readonly=\\"\\" class=\\"Select__SelectTextInput-sc-17idtfo-0 lmyIUy StyledTextInput-sc-1x30a0s-0 jfnKzs\\" value=\\"first_schema\\"></div></div><div style=\\"min-width: auto;\\" class=\\"StyledBox-sc-13pk1d4-0 eLQtUu\\"><svg aria-label=\\"FormDown\\" viewBox=\\"0 0 24 24\\" class=\\"StyledIcon-ofa7kd-0 dSllCE\\"><polyline fill=\\"none\\" stroke=\\"#000\\" stroke-width=\\"2\\" points=\\"18 9 12 15 6 9\\"></polyline></svg></div></div></button></div></div><div class=\\"FormField__FormFieldBox-m9hood-0 eshLKp StyledBox-sc-13pk1d4-0 CAsMy\\"><label class=\\"StyledText-sc-1sadyjn-0 bKLvLm\\">Read Access</label><div class=\\"StyledBox-sc-13pk1d4-0 gZSidW\\"><button class=\\"Select__StyledSelectDropButton-sc-17idtfo-1 cvpccN StyledButton-sc-323bzc-0 jfbKsv\\" aria-label=\\"Open Drop\\" type=\\"button\\"><div class=\\"StyledBox-sc-13pk1d4-0 erazuK\\"><div class=\\"StyledBox-sc-13pk1d4-0 XINUX\\"><div class=\\"StyledTextInput__StyledTextInputContainer-sc-1x30a0s-1 kYQCpm\\"><input autocomplete=\\"off\\" placeholder=\\"Select\\" multiple=\\"\\" tabindex=\\"-1\\" type=\\"text\\" readonly=\\"\\" class=\\"Select__SelectTextInput-sc-17idtfo-0 lmyIUy StyledTextInput-sc-1x30a0s-0 jfnKzs\\" value=\\"\\"></div></div><div style=\\"min-width: auto;\\" class=\\"StyledBox-sc-13pk1d4-0 eLQtUu\\"><svg aria-label=\\"FormDown\\" viewBox=\\"0 0 24 24\\" class=\\"StyledIcon-ofa7kd-0 dSllCE\\"><polyline fill=\\"none\\" stroke=\\"#000\\" stroke-width=\\"2\\" points=\\"18 9 12 15 6 9\\"></polyline></svg></div></div></button></div></div></div></div></div><div class=\\"StyledBox__StyledBoxGap-sc-13pk1d4-1 jlbBeA\\"></div><div class=\\"StyledBox-sc-13pk1d4-0 hroMnY\\"><div class=\\"StyledBox-sc-13pk1d4-0 kLTdrJ\\"><h5 class=\\"StyledHeading-sc-1rdh4aw-0 cwvUsq\\">Attributes</h5></div><div class=\\"StyledBox-sc-13pk1d4-0 IRSNj\\"><div style=\\"grid-template-columns: repeat(1, 1fr);\\" class=\\"StyledGrid-sc-1wofa1l-0 eEFoxr\\"><div class=\\"StyledBox-sc-13pk1d4-0 IRSNj\\"><div class=\\"FormField__FormFieldBox-m9hood-0 eshLKp StyledBox-sc-13pk1d4-0 CAsMy\\"><label class=\\"StyledText-sc-1sadyjn-0 bKLvLm\\">Reference Id</label><div class=\\"StyledBox-sc-13pk1d4-0 gZSidW\\"><div class=\\"StyledTextInput__StyledTextInputContainer-sc-1x30a0s-1 kYQCpm\\"><input autocomplete=\\"off\\" name=\\"attributes.reference_id.value\\" class=\\"StyledTextInput-sc-1x30a0s-0 duvNfq\\" value=\\"reference nr1\\"></div></div></div></div><div class=\\"StyledBox-sc-13pk1d4-0 IRSNj\\"><div class=\\"FormField__FormFieldBox-m9hood-0 eshLKp StyledBox-sc-13pk1d4-0 CAsMy\\"><label class=\\"StyledText-sc-1sadyjn-0 bKLvLm\\">Amount</label><div class=\\"StyledBox-sc-13pk1d4-0 gZSidW\\"><button class=\\"Select__StyledSelectDropButton-sc-17idtfo-1 cvpccN StyledButton-sc-323bzc-0 jfbKsv\\" aria-label=\\"Open Drop\\" type=\\"button\\"><div class=\\"StyledBox-sc-13pk1d4-0 erazuK\\"><div class=\\"StyledBox-sc-13pk1d4-0 XINUX\\"><div class=\\"StyledTextInput__StyledTextInputContainer-sc-1x30a0s-1 kYQCpm\\"><input autocomplete=\\"off\\" tabindex=\\"-1\\" type=\\"text\\" readonly=\\"\\" class=\\"Select__SelectTextInput-sc-17idtfo-0 lmyIUy StyledTextInput-sc-1x30a0s-0 duvNfq\\" value=\\"100\\"></div></div><div style=\\"min-width: auto;\\" class=\\"StyledBox-sc-13pk1d4-0 eLQtUu\\"><svg aria-label=\\"FormDown\\" viewBox=\\"0 0 24 24\\" class=\\"StyledIcon-ofa7kd-0 dSllCE\\"><polyline fill=\\"none\\" stroke=\\"#000\\" stroke-width=\\"2\\" points=\\"18 9 12 15 6 9\\"></polyline></svg></div></div></button></div></div></div><div class=\\"StyledBox-sc-13pk1d4-0 IRSNj\\"><div class=\\"FormField__FormFieldBox-m9hood-0 eshLKp StyledBox-sc-13pk1d4-0 CAsMy\\"><label class=\\"StyledText-sc-1sadyjn-0 bKLvLm\\">Index</label><div class=\\"StyledBox-sc-13pk1d4-0 gZSidW\\"><div class=\\"StyledTextInput__StyledTextInputContainer-sc-1x30a0s-1 kYQCpm\\"><input autocomplete=\\"off\\" placeholder=\\"\\" name=\\"attributes.index.value\\" type=\\"text\\" class=\\"StyledTextInput-sc-1x30a0s-0 duvNfq\\" value=\\"\\"></div></div></div></div><div class=\\"StyledBox-sc-13pk1d4-0 IRSNj\\"><div class=\\"FormField__FormFieldBox-m9hood-0 eshLKp StyledBox-sc-13pk1d4-0 CAsMy\\"><label class=\\"StyledText-sc-1sadyjn-0 bKLvLm\\">Percent</label><div class=\\"StyledBox-sc-13pk1d4-0 gZSidW\\"><div class=\\"StyledTextInput__StyledTextInputContainer-sc-1x30a0s-1 kYQCpm\\"><input autocomplete=\\"off\\" placeholder=\\"\\" name=\\"attributes.percent.value\\" type=\\"text\\" class=\\"StyledTextInput-sc-1x30a0s-0 duvNfq\\" value=\\"100\\"></div></div></div></div><div class=\\"StyledBox-sc-13pk1d4-0 IRSNj\\"><div class=\\"FormField__FormFieldBox-m9hood-0 eshLKp StyledBox-sc-13pk1d4-0 CAsMy\\"><label class=\\"StyledText-sc-1sadyjn-0 bKLvLm\\">Some Date</label><div class=\\"StyledBox-sc-13pk1d4-0 gZSidW\\"><button class=\\"DateInput__StyledDateInputDropButton-sc-1ne1t7m-1 ldQWmt StyledButton-sc-323bzc-0 jfbKsv\\" aria-label=\\"Open Drop\\" type=\\"button\\"><div class=\\"StyledBox-sc-13pk1d4-0 bYNIbh\\"><div class=\\"StyledTextInput__StyledTextInputContainer-sc-1x30a0s-1 kYQCpm\\"><input autocomplete=\\"off\\" tabindex=\\"-1\\" readonly=\\"\\" class=\\"DateInput__DateTimeTextInput-sc-1ne1t7m-0 dzhNFM StyledTextInput-sc-1x30a0s-0 duvNfq\\" value=\\"\\"></div><div class=\\"StyledBox-sc-13pk1d4-0 fVyBBm\\"></div></div></button></div></div></div><div class=\\"StyledBox-sc-13pk1d4-0 IRSNj\\"><div class=\\"FormField__FormFieldBox-m9hood-0 eshLKp StyledBox-sc-13pk1d4-0 CAsMy\\"><label class=\\"StyledText-sc-1sadyjn-0 bKLvLm\\">Customer</label><div class=\\"StyledBox-sc-13pk1d4-0 gZSidW\\"><div class=\\"StyledTextInput__StyledTextInputContainer-sc-1x30a0s-1 kYQCpm\\"><input autocomplete=\\"off\\" name=\\"attributes.customer.value\\" class=\\"StyledTextInput-sc-1x30a0s-0 duvNfq\\" value=\\"some customer\\"></div></div></div></div></div></div></div></div></form></div>"`;
