// Jest Snapshot v1, https://goo.gl/fbAQLP

exports[`DocumentForm Should render the form in edit mode 1`] = `"<div class=\\"StyledBox-sc-13pk1d4-0 hMUzWw\\"><form><div class=\\"StyledBox-sc-13pk1d4-0 IRSNj\\"><div class=\\"StyledBox-sc-13pk1d4-0 hroMnY\\"><div class=\\"StyledBox-sc-13pk1d4-0 IRSNj\\"><div class=\\"FormField__FormFieldBox-m9hood-0 eshLKp StyledBox-sc-13pk1d4-0 CAsMy\\"><label class=\\"StyledText-sc-1sadyjn-0 bKLvLm\\">Reference Id</label><div class=\\"StyledBox-sc-13pk1d4-0 gZSidW\\"><div class=\\"StyledTextInput__StyledTextInputContainer-sc-1x30a0s-1 kYQCpm\\"><input autocomplete=\\"off\\" disabled=\\"\\" name=\\"attributes.reference_id.value\\" class=\\"StyledTextInput-sc-1x30a0s-0 dlXaQi\\" value=\\"reference nr1\\"></div></div></div><div class=\\"StyledBox__StyledBoxGap-sc-13pk1d4-1 irlfVP\\"></div><div class=\\"FormField__FormFieldBox-m9hood-0 eshLKp StyledBox-sc-13pk1d4-0 CAsMy\\"><label class=\\"StyledText-sc-1sadyjn-0 bKLvLm\\">Amount</label><div class=\\"StyledBox-sc-13pk1d4-0 gZSidW\\"><div disabled=\\"\\" value=\\"100\\" name=\\"attributes.amount.value\\" class=\\"NumberInput__StyledCurrencyContainer-sc-1mk0e8s-1 fvlnYL\\"><input type=\\"text\\" disabled=\\"\\" name=\\"attributes.amount.value\\" theme=\\"[object Object]\\" class=\\"NumberInput__StyledCurrencyInput-sc-1mk0e8s-0 jqervJ\\" value=\\"100.00\\"></div></div></div><div class=\\"StyledBox__StyledBoxGap-sc-13pk1d4-1 irlfVP\\"></div><div class=\\"FormField__FormFieldBox-m9hood-0 eshLKp StyledBox-sc-13pk1d4-0 CAsMy\\"><label class=\\"StyledText-sc-1sadyjn-0 bKLvLm\\">Index</label><div class=\\"StyledBox-sc-13pk1d4-0 gZSidW\\"><div disabled=\\"\\" value=\\"\\" name=\\"attributes.index.value\\" class=\\"NumberInput__StyledCurrencyContainer-sc-1mk0e8s-1 fvlnYL\\"><input type=\\"text\\" disabled=\\"\\" name=\\"attributes.index.value\\" theme=\\"[object Object]\\" class=\\"NumberInput__StyledCurrencyInput-sc-1mk0e8s-0 jqervJ\\" value=\\"0\\"></div></div></div><div class=\\"StyledBox__StyledBoxGap-sc-13pk1d4-1 irlfVP\\"></div><div class=\\"FormField__FormFieldBox-m9hood-0 eshLKp StyledBox-sc-13pk1d4-0 CAsMy\\"><label class=\\"StyledText-sc-1sadyjn-0 bKLvLm\\">Some Date</label><div class=\\"StyledBox-sc-13pk1d4-0 gZSidW\\"><button class=\\"DateInput__StyledDateInputDropButton-sc-1ne1t7m-1 hvzYTL StyledButton-sc-323bzc-0 chnll\\" aria-label=\\"Open Drop\\" disabled=\\"\\" type=\\"button\\"><div class=\\"StyledBox-sc-13pk1d4-0 bYNIbh\\"><div class=\\"StyledTextInput__StyledTextInputContainer-sc-1x30a0s-1 kYQCpm\\"><input autocomplete=\\"off\\" tabindex=\\"-1\\" readonly=\\"\\" class=\\"DateInput__DateTimeTextInput-sc-1ne1t7m-0 dzhNFM StyledTextInput-sc-1x30a0s-0 duvNfq\\" value=\\"\\"></div><div class=\\"StyledBox-sc-13pk1d4-0 ffeAql\\"></div></div></button></div></div><div class=\\"StyledBox__StyledBoxGap-sc-13pk1d4-1 irlfVP\\"></div><div class=\\"FormField__FormFieldBox-m9hood-0 eshLKp StyledBox-sc-13pk1d4-0 CAsMy\\"><label class=\\"StyledText-sc-1sadyjn-0 bKLvLm\\">Customer</label><div class=\\"StyledBox-sc-13pk1d4-0 gZSidW\\"><div class=\\"StyledTextInput__StyledTextInputContainer-sc-1x30a0s-1 kYQCpm\\"><input autocomplete=\\"off\\" disabled=\\"\\" name=\\"attributes.customer.value\\" class=\\"StyledTextInput-sc-1x30a0s-0 dlXaQi\\" value=\\"some customer\\"></div></div></div></div></div></div></form></div>"`;

exports[`DocumentForm Should render the form in view mode 1`] = `"<div class=\\"StyledBox-sc-13pk1d4-0 hMUzWw\\"><form><div class=\\"StyledBox-sc-13pk1d4-0 IRSNj\\"><div class=\\"StyledBox-sc-13pk1d4-0 hroMnY\\"><div class=\\"StyledBox-sc-13pk1d4-0 IRSNj\\"><div class=\\"FormField__FormFieldBox-m9hood-0 eshLKp StyledBox-sc-13pk1d4-0 CAsMy\\"><label class=\\"StyledText-sc-1sadyjn-0 bKLvLm\\">Reference Id</label><div class=\\"StyledBox-sc-13pk1d4-0 gZSidW\\"><div class=\\"StyledTextInput__StyledTextInputContainer-sc-1x30a0s-1 kYQCpm\\"><input autocomplete=\\"off\\" disabled=\\"\\" name=\\"attributes.reference_id.value\\" class=\\"StyledTextInput-sc-1x30a0s-0 dlXaQi\\" value=\\"reference nr1\\"></div></div></div><div class=\\"StyledBox__StyledBoxGap-sc-13pk1d4-1 irlfVP\\"></div><div class=\\"FormField__FormFieldBox-m9hood-0 eshLKp StyledBox-sc-13pk1d4-0 CAsMy\\"><label class=\\"StyledText-sc-1sadyjn-0 bKLvLm\\">Amount</label><div class=\\"StyledBox-sc-13pk1d4-0 gZSidW\\"><div disabled=\\"\\" value=\\"100\\" name=\\"attributes.amount.value\\" class=\\"NumberInput__StyledCurrencyContainer-sc-1mk0e8s-1 fvlnYL\\"><input type=\\"text\\" disabled=\\"\\" name=\\"attributes.amount.value\\" theme=\\"[object Object]\\" class=\\"NumberInput__StyledCurrencyInput-sc-1mk0e8s-0 jqervJ\\" value=\\"100.00\\"></div></div></div><div class=\\"StyledBox__StyledBoxGap-sc-13pk1d4-1 irlfVP\\"></div><div class=\\"FormField__FormFieldBox-m9hood-0 eshLKp StyledBox-sc-13pk1d4-0 CAsMy\\"><label class=\\"StyledText-sc-1sadyjn-0 bKLvLm\\">Index</label><div class=\\"StyledBox-sc-13pk1d4-0 gZSidW\\"><div disabled=\\"\\" value=\\"\\" name=\\"attributes.index.value\\" class=\\"NumberInput__StyledCurrencyContainer-sc-1mk0e8s-1 fvlnYL\\"><input type=\\"text\\" disabled=\\"\\" name=\\"attributes.index.value\\" theme=\\"[object Object]\\" class=\\"NumberInput__StyledCurrencyInput-sc-1mk0e8s-0 jqervJ\\" value=\\"0\\"></div></div></div><div class=\\"StyledBox__StyledBoxGap-sc-13pk1d4-1 irlfVP\\"></div><div class=\\"FormField__FormFieldBox-m9hood-0 eshLKp StyledBox-sc-13pk1d4-0 CAsMy\\"><label class=\\"StyledText-sc-1sadyjn-0 bKLvLm\\">Some Date</label><div class=\\"StyledBox-sc-13pk1d4-0 gZSidW\\"><button class=\\"DateInput__StyledDateInputDropButton-sc-1ne1t7m-1 hvzYTL StyledButton-sc-323bzc-0 chnll\\" aria-label=\\"Open Drop\\" disabled=\\"\\" type=\\"button\\"><div class=\\"StyledBox-sc-13pk1d4-0 bYNIbh\\"><div class=\\"StyledTextInput__StyledTextInputContainer-sc-1x30a0s-1 kYQCpm\\"><input autocomplete=\\"off\\" tabindex=\\"-1\\" readonly=\\"\\" class=\\"DateInput__DateTimeTextInput-sc-1ne1t7m-0 dzhNFM StyledTextInput-sc-1x30a0s-0 duvNfq\\" value=\\"\\"></div><div class=\\"StyledBox-sc-13pk1d4-0 ffeAql\\"></div></div></button></div></div><div class=\\"StyledBox__StyledBoxGap-sc-13pk1d4-1 irlfVP\\"></div><div class=\\"FormField__FormFieldBox-m9hood-0 eshLKp StyledBox-sc-13pk1d4-0 CAsMy\\"><label class=\\"StyledText-sc-1sadyjn-0 bKLvLm\\">Customer</label><div class=\\"StyledBox-sc-13pk1d4-0 gZSidW\\"><div class=\\"StyledTextInput__StyledTextInputContainer-sc-1x30a0s-1 kYQCpm\\"><input autocomplete=\\"off\\" disabled=\\"\\" name=\\"attributes.customer.value\\" class=\\"StyledTextInput-sc-1x30a0s-0 dlXaQi\\" value=\\"some customer\\"></div></div></div></div></div></div></form></div>"`;

exports[`DocumentForm Should render the form just select form 1`] = `"<div class=\\"StyledBox-sc-13pk1d4-0 hMUzWw\\"><form><div class=\\"StyledBox-sc-13pk1d4-0 IRSNj\\"><div class=\\"StyledBox-sc-13pk1d4-0 hroMnY\\"><div class=\\"StyledBox-sc-13pk1d4-0 IRSNj\\"><div class=\\"FormField__FormFieldBox-m9hood-0 eshLKp StyledBox-sc-13pk1d4-0 CAsMy\\"><label class=\\"StyledText-sc-1sadyjn-0 bKLvLm\\">Document Schema</label><div class=\\"StyledBox-sc-13pk1d4-0 gZSidW\\"><button class=\\"Select__StyledSelectDropButton-sc-17idtfo-1 gQjIFS StyledButton-sc-323bzc-0 jfbKsv\\" aria-label=\\"Open Drop\\" type=\\"button\\"><div class=\\"StyledBox-sc-13pk1d4-0 erazuK\\"><div class=\\"StyledBox-sc-13pk1d4-0 XINUX\\"><div class=\\"StyledTextInput__StyledTextInputContainer-sc-1x30a0s-1 kYQCpm\\"><input autocomplete=\\"off\\" placeholder=\\"Select\\" tabindex=\\"-1\\" type=\\"text\\" readonly=\\"\\" class=\\"Select__SelectTextInput-sc-17idtfo-0 lmyIUy StyledTextInput-sc-1x30a0s-0 jfnKzs\\" value=\\"\\"></div></div><div style=\\"min-width: auto;\\" class=\\"StyledBox-sc-13pk1d4-0 eLQtUu\\"><svg aria-label=\\"FormDown\\" viewBox=\\"0 0 24 24\\" class=\\"StyledIcon-ofa7kd-0 dSllCE\\"><polyline fill=\\"none\\" stroke=\\"#000\\" stroke-width=\\"2\\" points=\\"18 9 12 15 6 9\\"></polyline></svg></div></div></button></div></div></div></div></div></form></div>"`;

exports[`DocumentForm Should render the form with default data 1`] = `"<div class=\\"StyledBox-sc-13pk1d4-0 hMUzWw\\"><form><div class=\\"StyledBox-sc-13pk1d4-0 IRSNj\\"><div class=\\"StyledBox-sc-13pk1d4-0 hroMnY\\"><div class=\\"StyledBox-sc-13pk1d4-0 IRSNj\\"><div class=\\"FormField__FormFieldBox-m9hood-0 eshLKp StyledBox-sc-13pk1d4-0 CAsMy\\"><label class=\\"StyledText-sc-1sadyjn-0 bKLvLm\\">Document Schema</label><div class=\\"StyledBox-sc-13pk1d4-0 gZSidW\\"><button class=\\"Select__StyledSelectDropButton-sc-17idtfo-1 gQjIFS StyledButton-sc-323bzc-0 jfbKsv\\" aria-label=\\"Open Drop\\" type=\\"button\\"><div class=\\"StyledBox-sc-13pk1d4-0 erazuK\\"><div class=\\"StyledBox-sc-13pk1d4-0 XINUX\\"><div class=\\"StyledTextInput__StyledTextInputContainer-sc-1x30a0s-1 kYQCpm\\"><input autocomplete=\\"off\\" placeholder=\\"Select\\" tabindex=\\"-1\\" type=\\"text\\" readonly=\\"\\" class=\\"Select__SelectTextInput-sc-17idtfo-0 lmyIUy StyledTextInput-sc-1x30a0s-0 jfnKzs\\" value=\\"first_schema\\"></div></div><div style=\\"min-width: auto;\\" class=\\"StyledBox-sc-13pk1d4-0 eLQtUu\\"><svg aria-label=\\"FormDown\\" viewBox=\\"0 0 24 24\\" class=\\"StyledIcon-ofa7kd-0 dSllCE\\"><polyline fill=\\"none\\" stroke=\\"#000\\" stroke-width=\\"2\\" points=\\"18 9 12 15 6 9\\"></polyline></svg></div></div></button></div></div></div><div class=\\"StyledBox__StyledBoxGap-sc-13pk1d4-1 irlfVP\\"></div><div class=\\"StyledBox-sc-13pk1d4-0 IRSNj\\"><div class=\\"FormField__FormFieldBox-m9hood-0 eshLKp StyledBox-sc-13pk1d4-0 CAsMy\\"><label class=\\"StyledText-sc-1sadyjn-0 bKLvLm\\">Reference Id</label><div class=\\"StyledBox-sc-13pk1d4-0 gZSidW\\"><div class=\\"StyledTextInput__StyledTextInputContainer-sc-1x30a0s-1 kYQCpm\\"><input autocomplete=\\"off\\" name=\\"attributes.reference_id.value\\" class=\\"StyledTextInput-sc-1x30a0s-0 duvNfq\\" value=\\"reference nr1\\"></div></div></div><div class=\\"StyledBox__StyledBoxGap-sc-13pk1d4-1 irlfVP\\"></div><div class=\\"FormField__FormFieldBox-m9hood-0 eshLKp StyledBox-sc-13pk1d4-0 CAsMy\\"><label class=\\"StyledText-sc-1sadyjn-0 bKLvLm\\">Amount</label><div class=\\"StyledBox-sc-13pk1d4-0 gZSidW\\"><div value=\\"100\\" name=\\"attributes.amount.value\\" class=\\"NumberInput__StyledCurrencyContainer-sc-1mk0e8s-1 fvlnYL\\"><input type=\\"text\\" name=\\"attributes.amount.value\\" theme=\\"[object Object]\\" class=\\"NumberInput__StyledCurrencyInput-sc-1mk0e8s-0 eQOnKh\\" value=\\"100.00\\"></div></div></div><div class=\\"StyledBox__StyledBoxGap-sc-13pk1d4-1 irlfVP\\"></div><div class=\\"FormField__FormFieldBox-m9hood-0 eshLKp StyledBox-sc-13pk1d4-0 CAsMy\\"><label class=\\"StyledText-sc-1sadyjn-0 bKLvLm\\">Index</label><div class=\\"StyledBox-sc-13pk1d4-0 gZSidW\\"><div value=\\"\\" name=\\"attributes.index.value\\" class=\\"NumberInput__StyledCurrencyContainer-sc-1mk0e8s-1 fvlnYL\\"><input type=\\"text\\" name=\\"attributes.index.value\\" theme=\\"[object Object]\\" class=\\"NumberInput__StyledCurrencyInput-sc-1mk0e8s-0 eQOnKh\\" value=\\"0\\"></div></div></div><div class=\\"StyledBox__StyledBoxGap-sc-13pk1d4-1 irlfVP\\"></div><div class=\\"FormField__FormFieldBox-m9hood-0 eshLKp StyledBox-sc-13pk1d4-0 CAsMy\\"><label class=\\"StyledText-sc-1sadyjn-0 bKLvLm\\">Some Date</label><div class=\\"StyledBox-sc-13pk1d4-0 gZSidW\\"><button class=\\"DateInput__StyledDateInputDropButton-sc-1ne1t7m-1 ldQWmt StyledButton-sc-323bzc-0 jfbKsv\\" aria-label=\\"Open Drop\\" type=\\"button\\"><div class=\\"StyledBox-sc-13pk1d4-0 bYNIbh\\"><div class=\\"StyledTextInput__StyledTextInputContainer-sc-1x30a0s-1 kYQCpm\\"><input autocomplete=\\"off\\" tabindex=\\"-1\\" readonly=\\"\\" class=\\"DateInput__DateTimeTextInput-sc-1ne1t7m-0 dzhNFM StyledTextInput-sc-1x30a0s-0 duvNfq\\" value=\\"\\"></div><div class=\\"StyledBox-sc-13pk1d4-0 ffeAql\\"></div></div></button></div></div><div class=\\"StyledBox__StyledBoxGap-sc-13pk1d4-1 irlfVP\\"></div><div class=\\"FormField__FormFieldBox-m9hood-0 eshLKp StyledBox-sc-13pk1d4-0 CAsMy\\"><label class=\\"StyledText-sc-1sadyjn-0 bKLvLm\\">Customer</label><div class=\\"StyledBox-sc-13pk1d4-0 gZSidW\\"><div class=\\"StyledTextInput__StyledTextInputContainer-sc-1x30a0s-1 kYQCpm\\"><input autocomplete=\\"off\\" name=\\"attributes.customer.value\\" class=\\"StyledTextInput-sc-1x30a0s-0 duvNfq\\" value=\\"some customer\\"></div></div></div></div></div></div></form></div>"`;
